STM32F446xx_SPI_drivers.c:9:6:SPI_Init	24	static
STM32F446xx_SPI_drivers.c:48:6:SPI_DeInit	16	static
STM32F446xx_SPI_drivers.c:53:6:SPI_ClkCtrl	16	static
STM32F446xx_SPI_drivers.c:87:9:SPI_GetFlagStatus	16	static
STM32F446xx_SPI_drivers.c:96:6:SPI_SendData	24	static
STM32F446xx_SPI_drivers.c:118:6:SPI_ReceiveData	24	static
STM32F446xx_SPI_drivers.c:140:6:SPI_IRQConfig	16	static
STM32F446xx_SPI_drivers.c:175:6:SPI_IRQPriorityConfig	24	static
STM32F446xx_SPI_drivers.c:182:6:SPI_PeripheralControl	16	static
STM32F446xx_SPI_drivers.c:193:6:SPI_SSIConfig	16	static
STM32F446xx_SPI_drivers.c:204:6:SPI_SSOEConfig	16	static
STM32F446xx_SPI_drivers.c:215:9:SPI_SendData_Int	32	static
STM32F446xx_SPI_drivers.c:233:9:SPI_ReceiveData_Int	32	static
STM32F446xx_SPI_drivers.c:251:6:SPI_IRQHandler	24	static
STM32F446xx_SPI_drivers.c:287:13:SPI_TXE_Interrupt_Handle	16	static
STM32F446xx_SPI_drivers.c:311:13:SPI_RXNE_Interrupt_Handle	16	static
STM32F446xx_SPI_drivers.c:335:13:SPI_OVR_Interrupt_Handle	24	static
STM32F446xx_SPI_drivers.c:350:6:SPI_CloseTransmission	16	static
STM32F446xx_SPI_drivers.c:359:6:SPI_CloseReception	16	static
STM32F446xx_SPI_drivers.c:367:6:SPI_ClearOVRFlag	24	static
STM32F446xx_SPI_drivers.c:375:13:SPI_ApplicationEventCallback	16	static
